I'm sorry, but errors were detected in your script. Please correct the
errors listed below, and try again.


File "game/script.rpy", line 68: end of line expected.
    hide MillySmile, MillyLaugh, MillySad
                   ^

Ren'Py Version: Ren'Py 8.1.3.23091805
Mon Nov 27 08:55:42 2023
